
Allocating common symbols
Common symbol       size              file

idt_ptr             0x6               kernel/global.o
inode_table         0xb00             kernel/global.o
task_stack          0x38000           kernel/global.o
k_reenter           0x4               kernel/global.o
gdt                 0x400             kernel/global.o
current_console     0x4               kernel/global.o
pcaller             0x4               kernel/global.o
tty_table           0xc6c             kernel/global.o
tss                 0x68              kernel/global.o
fs_msg              0x30              kernel/global.o
f_desc_table        0x300             kernel/global.o
root_inode          0x4               kernel/global.o
disp_pos            0x4               kernel/global.o
key_pressed         0x4               kernel/global.o
gdt_ptr             0x6               kernel/global.o
idt                 0x800             kernel/global.o
super_block         0x1e0             kernel/global.o
PARTITION_ENTRY     0x10              kernel/hd.o
ticks               0x4               kernel/global.o
console_table       0x3c              kernel/global.o
irq_table           0x40              kernel/global.o
p_proc_ready        0x4               kernel/global.o
proc_table          0xb0c             kernel/global.o

Discarded input sections

 .note.GNU-stack
                0x0000000000000000        0x0 kernel/start.o
 .note.GNU-stack
                0x0000000000000000        0x0 kernel/main.o
 .note.GNU-stack
                0x0000000000000000        0x0 kernel/clock.o
 .note.GNU-stack
                0x0000000000000000        0x0 kernel/keyboard.o
 .note.GNU-stack
                0x0000000000000000        0x0 kernel/tty.o
 .note.GNU-stack
                0x0000000000000000        0x0 kernel/console.o
 .note.GNU-stack
                0x0000000000000000        0x0 kernel/i8259.o
 .note.GNU-stack
                0x0000000000000000        0x0 kernel/global.o
 .note.GNU-stack
                0x0000000000000000        0x0 kernel/protect.o
 .note.GNU-stack
                0x0000000000000000        0x0 kernel/proc.o
 .note.GNU-stack
                0x0000000000000000        0x0 kernel/systask.o
 .note.GNU-stack
                0x0000000000000000        0x0 kernel/hd.o
 .note.GNU-stack
                0x0000000000000000        0x0 lib/printf.o
 .note.GNU-stack
                0x0000000000000000        0x0 lib/vsprintf.o
 .note.GNU-stack
                0x0000000000000000        0x0 lib/klib.o
 .note.GNU-stack
                0x0000000000000000        0x0 lib/misc.o
 .note.GNU-stack
                0x0000000000000000        0x0 lib/open.o
 .note.GNU-stack
                0x0000000000000000        0x0 lib/read.o
 .note.GNU-stack
                0x0000000000000000        0x0 lib/write.o
 .note.GNU-stack
                0x0000000000000000        0x0 lib/close.o
 .note.GNU-stack
                0x0000000000000000        0x0 lib/unlink.o
 .note.GNU-stack
                0x0000000000000000        0x0 lib/getpid.o
 .note.GNU-stack
                0x0000000000000000        0x0 lib/syslog.o
 .note.GNU-stack
                0x0000000000000000        0x0 fs/main.o
 .note.GNU-stack
                0x0000000000000000        0x0 fs/open.o
 .note.GNU-stack
                0x0000000000000000        0x0 fs/misc.o
 .note.GNU-stack
                0x0000000000000000        0x0 fs/read_write.o
 .note.GNU-stack
                0x0000000000000000        0x0 fs/link.o
 .note.GNU-stack
                0x0000000000000000        0x0 fs/disklog.o

Memory Configuration

Name             Origin             Length             Attributes
*default*        0x0000000000000000 0xffffffffffffffff

Linker script and memory map

Address of section .text set to 0x1000
LOAD kernel/kernel.o
LOAD lib/syscall.o
LOAD kernel/start.o
LOAD kernel/main.o
LOAD kernel/clock.o
LOAD kernel/keyboard.o
LOAD kernel/tty.o
LOAD kernel/console.o
LOAD kernel/i8259.o
LOAD kernel/global.o
LOAD kernel/protect.o
LOAD kernel/proc.o
LOAD kernel/systask.o
LOAD kernel/hd.o
LOAD lib/printf.o
LOAD lib/vsprintf.o
LOAD lib/kliba.o
LOAD lib/klib.o
LOAD lib/string.o
LOAD lib/misc.o
LOAD lib/open.o
LOAD lib/read.o
LOAD lib/write.o
LOAD lib/close.o
LOAD lib/unlink.o
LOAD lib/getpid.o
LOAD lib/syslog.o
LOAD fs/main.o
LOAD fs/open.o
LOAD fs/misc.o
LOAD fs/read_write.o
LOAD fs/link.o
LOAD fs/disklog.o
                0x0000000008048000                PROVIDE (__executable_start, 0x8048000)
                0x0000000008048094                . = (0x8048000 + SIZEOF_HEADERS)

.interp
 *(.interp)

.note.gnu.build-id
 *(.note.gnu.build-id)

.hash
 *(.hash)

.gnu.hash
 *(.gnu.hash)

.dynsym
 *(.dynsym)

.dynstr
 *(.dynstr)

.gnu.version
 *(.gnu.version)

.gnu.version_d
 *(.gnu.version_d)

.gnu.version_r
 *(.gnu.version_r)

.rel.dyn        0x0000000008048094        0x0
 *(.rel.init)
 *(.rel.text .rel.text.* .rel.gnu.linkonce.t.*)
 .rel.text      0x0000000000000000        0x0 kernel/kernel.o
 *(.rel.fini)
 *(.rel.rodata .rel.rodata.* .rel.gnu.linkonce.r.*)
 *(.rel.data.rel.ro* .rel.gnu.linkonce.d.rel.ro.*)
 *(.rel.data .rel.data.* .rel.gnu.linkonce.d.*)
 .rel.data      0x0000000000000000        0x0 kernel/kernel.o
 *(.rel.tdata .rel.tdata.* .rel.gnu.linkonce.td.*)
 *(.rel.tbss .rel.tbss.* .rel.gnu.linkonce.tb.*)
 *(.rel.ctors)
 *(.rel.dtors)
 *(.rel.got)
 *(.rel.bss .rel.bss.* .rel.gnu.linkonce.b.*)
 *(.rel.ifunc)

.rel.plt        0x0000000008048094        0x0
 *(.rel.plt)
                0x0000000008048094                PROVIDE (__rel_iplt_start, .)
 *(.rel.iplt)
 .rel.iplt      0x0000000000000000        0x0 kernel/kernel.o
                0x0000000008048094                PROVIDE (__rel_iplt_end, .)

.init
 *(.init)

.plt            0x00000000080480a0        0x0
 *(.plt)
 *(.iplt)
 .iplt          0x0000000000000000        0x0 kernel/kernel.o

.text           0x0000000000001000     0xa330
 *(.text.unlikely .text.*_unlikely)
 *(.text.exit .text.exit.*)
 *(.text.startup .text.startup.*)
 *(.text.hot .text.hot.*)
 *(.text .stub .text.* .gnu.linkonce.t.*)
 .text          0x0000000000001000      0x410 kernel/kernel.o
                0x0000000000001000                _start
                0x0000000000001040                hwint00
                0x0000000000001070                hwint01
                0x00000000000010a0                hwint02
                0x00000000000010d0                hwint03
                0x0000000000001100                hwint04
                0x0000000000001130                hwint05
                0x0000000000001160                hwint06
                0x0000000000001190                hwint07
                0x00000000000011c0                hwint08
                0x00000000000011f0                hwint09
                0x0000000000001220                hwint10
                0x0000000000001250                hwint11
                0x0000000000001280                hwint12
                0x00000000000012b0                hwint13
                0x00000000000012e0                hwint14
                0x0000000000001310                hwint15
                0x0000000000001334                divide_error
                0x000000000000133a                single_step_exception
                0x0000000000001340                nmi
                0x0000000000001346                breakpoint_exception
                0x000000000000134c                overflow
                0x0000000000001352                bounds_check
                0x0000000000001358                inval_opcode
                0x000000000000135e                copr_not_available
                0x0000000000001364                double_fault
                0x0000000000001368                copr_seg_overrun
                0x000000000000136e                inval_tss
                0x0000000000001372                segment_not_present
                0x0000000000001376                stack_exception
                0x000000000000137a                general_protection
                0x000000000000137e                page_fault
                0x0000000000001382                copr_error
                0x00000000000013cb                sys_call
                0x00000000000013eb                restart
 .text          0x0000000000001410       0x28 lib/syscall.o
                0x0000000000001410                sendrec
                0x000000000000142a                printx
 .text          0x0000000000001438       0x8e kernel/start.o
                0x0000000000001438                cstart
 *fill*         0x00000000000014c6        0x2 90909090
 .text          0x00000000000014c8      0x796 kernel/main.o
                0x00000000000014c8                kernel_main
                0x000000000000174d                get_ticks
                0x0000000000001785                TestA
                0x0000000000001ad4                TestB
                0x0000000000001bfa                TestC
                0x0000000000001c0e                panic
 *fill*         0x0000000000001c5e        0x2 90909090
 .text          0x0000000000001c60      0x119 kernel/clock.o
                0x0000000000001c60                clock_handler
                0x0000000000001cda                milli_delay
                0x0000000000001d15                init_clock
 *fill*         0x0000000000001d79        0x3 90909090
 .text          0x0000000000001d7c      0x6cc kernel/keyboard.o
                0x0000000000001d7c                keyboard_handler
                0x0000000000001de2                init_keyboard
                0x0000000000001e91                keyboard_read
 .text          0x0000000000002448      0x9d7 kernel/tty.o
                0x0000000000002448                task_tty
                0x00000000000025fc                in_process
                0x0000000000002b23                sys_printx
                0x0000000000002cc4                dump_tty_buf
 *fill*         0x0000000000002e1f        0x1 90909090
 .text          0x0000000000002e20      0x7fb kernel/console.o
                0x0000000000002e20                init_screen
                0x0000000000002f95                out_char
                0x0000000000003290                is_current_console
                0x0000000000003386                select_console
                0x00000000000033c3                scroll_screen
 *fill*         0x000000000000361b        0x1 90909090
 .text          0x000000000000361c      0x13c kernel/i8259.o
                0x000000000000361c                init_8259A
                0x000000000000370d                spurious_irq
                0x0000000000003738                put_irq_handler
 .text          0x0000000000003758        0x0 kernel/global.o
 .text          0x0000000000003758      0x7eb kernel/protect.o
                0x0000000000003758                init_prot
                0x0000000000003d59                seg2phys
                0x0000000000003e14                exception_handler
 *fill*         0x0000000000003f43        0x1 90909090
 .text          0x0000000000003f44     0x19ea kernel/proc.o
                0x0000000000003f44                schedule
                0x0000000000003fcf                sys_sendrec
                0x000000000000412e                send_recv
                0x000000000000420f                ldt_seg_linear
                0x0000000000004252                va2la
                0x00000000000042bf                reset_msg
                0x00000000000052ac                inform_int
                0x000000000000544c                dump_proc
                0x00000000000057e7                dump_msg
 *fill*         0x000000000000592e        0x2 90909090
 .text          0x0000000000005930       0x95 kernel/systask.o
                0x0000000000005930                task_sys
 *fill*         0x00000000000059c5        0x3 90909090
 .text          0x00000000000059c8      0xe8f kernel/hd.o
                0x00000000000059c8                task_hd
                0x0000000000006832                hd_handler
 *fill*         0x0000000000006857        0x1 90909090
 .text          0x0000000000006858       0xc0 lib/printf.o
                0x0000000000006858                printf
                0x00000000000068d7                printl
 .text          0x0000000000006918      0x31e lib/vsprintf.o
                0x0000000000006983                vsprintf
                0x0000000000006c0c                sprintf
 *fill*         0x0000000000006c36        0xa 90909090
 .text          0x0000000000006c40      0x19a lib/kliba.o
                0x0000000000006c40                disp_str
                0x0000000000006c7e                disp_color_str
                0x0000000000006cbd                out_byte
                0x0000000000006cc9                in_byte
                0x0000000000006cd3                port_read
                0x0000000000006ce6                port_write
                0x0000000000006cf9                disable_irq
                0x0000000000006d2e                enable_irq
                0x0000000000006d4d                disable_int
                0x0000000000006d4f                enable_int
                0x0000000000006d51                glitter
 *fill*         0x0000000000006dda        0x2 90909090
 .text          0x0000000000006ddc      0x115 lib/klib.o
                0x0000000000006ddc                itoa
                0x0000000000006e86                disp_int
                0x0000000000006eab                delay
 *fill*         0x0000000000006ef1        0xf 90909090
 .text          0x0000000000006f00       0x78 lib/string.o
                0x0000000000006f00                memcpy
                0x0000000000006f29                memset
                0x0000000000006f4a                strcpy
                0x0000000000006f62                strlen
 .text          0x0000000000006f78      0x1b1 lib/misc.o
                0x0000000000006f78                memcmp
                0x0000000000006ff2                strcmp
                0x0000000000007069                strcat
                0x00000000000070c8                spin
                0x00000000000070e3                assertion_failure
 *fill*         0x0000000000007129        0x3 90909090
 .text          0x000000000000712c       0x73 lib/open.o
                0x000000000000712c                open
 *fill*         0x000000000000719f        0x1 90909090
 .text          0x00000000000071a0       0x3f lib/read.o
                0x00000000000071a0                read
 *fill*         0x00000000000071df        0x1 90909090
 .text          0x00000000000071e0       0x3f lib/write.o
                0x00000000000071e0                write
 *fill*         0x000000000000721f        0x1 90909090
 .text          0x0000000000007220       0x33 lib/close.o
                0x0000000000007220                close
 *fill*         0x0000000000007253        0x1 90909090
 .text          0x0000000000007254       0x41 lib/unlink.o
                0x0000000000007254                unlink
 *fill*         0x0000000000007295        0x3 90909090
 .text          0x0000000000007298       0x59 lib/getpid.o
                0x0000000000007298                getpid
 *fill*         0x00000000000072f1        0x3 90909090
 .text          0x00000000000072f4       0xdb lib/syslog.o
                0x00000000000072f4                syslog
 *fill*         0x00000000000073cf        0x1 90909090
 .text          0x00000000000073d0      0xe95 fs/main.o
                0x00000000000073d0                task_fs
                0x0000000000007cf3                rw_sector
                0x0000000000007f3a                get_super_block
                0x0000000000007f80                get_inode
                0x00000000000080f9                put_inode
                0x000000000000813e                sync_inode
 *fill*         0x0000000000008265        0x3 90909090
 .text          0x0000000000008268      0xb6a fs/open.o
                0x0000000000008268                do_open
                0x000000000000870e                do_close
                0x0000000000008766                do_lseek
 *fill*         0x0000000000008dd2        0x2 90909090
 .text          0x0000000000008dd4      0x20b fs/misc.o
                0x0000000000008dd4                search_file
                0x0000000000008f53                strip_path
 *fill*         0x0000000000008fdf        0x1 90909090
 .text          0x0000000000008fe0      0x52e fs/read_write.o
                0x0000000000008fe0                do_rdwt
 *fill*         0x000000000000950e        0x2 90909090
 .text          0x0000000000009510      0x944 fs/link.o
                0x0000000000009510                do_unlink
 .text          0x0000000000009e54     0x14dc fs/disklog.o
                0x0000000000009e54                do_disklog
                0x0000000000009efd                disklog
                0x000000000000a4d3                dump_fd_graph
 *(.gnu.warning)

.fini
 *(.fini)
                0x000000000000b330                PROVIDE (__etext, .)
                0x000000000000b330                PROVIDE (_etext, .)
                0x000000000000b330                PROVIDE (etext, .)

.rodata         0x000000000000b340     0x1e4b
 *(.rodata .rodata.* .gnu.linkonce.r.*)
 .rodata        0x000000000000b340       0x47 kernel/start.o
 *fill*         0x000000000000b387        0x1 00
 .rodata        0x000000000000b388      0x14e kernel/main.o
 *fill*         0x000000000000b4d6        0x2 00
 .rodata        0x000000000000b4d8       0x64 kernel/keyboard.o
 .rodata        0x000000000000b53c      0x13c kernel/tty.o
 .rodata        0x000000000000b678       0x5b kernel/console.o
 .rodata        0x000000000000b6d3       0x11 kernel/i8259.o
 .rodata        0x000000000000b6e4        0x4 kernel/global.o
                0x000000000000b6e4                FSBUF_SIZE
 *fill*         0x000000000000b6e8       0x18 00
 .rodata        0x000000000000b700      0x540 kernel/protect.o
 .rodata        0x000000000000bc40      0x62e kernel/proc.o
 .rodata        0x000000000000c26e       0x11 kernel/systask.o
 *fill*         0x000000000000c27f        0x1 00
 .rodata        0x000000000000c280      0x1ba kernel/hd.o
 .rodata        0x000000000000c43a       0x14 lib/printf.o
 *fill*         0x000000000000c44e        0x2 00
 .rodata        0x000000000000c450       0x61 lib/misc.o
 .rodata        0x000000000000c4b1       0x23 lib/open.o
 .rodata        0x000000000000c4d4       0x25 lib/getpid.o
 .rodata        0x000000000000c4f9       0x32 lib/syslog.o
 *fill*         0x000000000000c52b        0x1 00
 .rodata        0x000000000000c52c      0x1fa fs/main.o
 *fill*         0x000000000000c726        0x2 00
 .rodata        0x000000000000c728      0x138 fs/open.o
 .rodata        0x000000000000c860      0x164 fs/read_write.o
 .rodata        0x000000000000c9c4      0x19d fs/link.o
 *fill*         0x000000000000cb61        0x3 00
 .rodata        0x000000000000cb64      0x627 fs/disklog.o

.rodata1
 *(.rodata1)

.eh_frame_hdr
 *(.eh_frame_hdr)

.eh_frame       0x000000000000d18c      0xfd4
 *(.eh_frame)
 .eh_frame      0x000000000000d18c       0x38 kernel/start.o
 .eh_frame      0x000000000000d1c4       0xbc kernel/main.o
                                         0xd4 (size before relaxing)
 .eh_frame      0x000000000000d280       0x60 kernel/clock.o
                                         0x78 (size before relaxing)
 .eh_frame      0x000000000000d2e0       0xe0 kernel/keyboard.o
                                         0xf8 (size before relaxing)
 .eh_frame      0x000000000000d3c0      0x13c kernel/tty.o
                                        0x154 (size before relaxing)
 .eh_frame      0x000000000000d4fc      0x148 kernel/console.o
                                        0x160 (size before relaxing)
 .eh_frame      0x000000000000d644       0x60 kernel/i8259.o
                                         0x78 (size before relaxing)
 .eh_frame      0x000000000000d6a4       0xb0 kernel/protect.o
                                         0xc8 (size before relaxing)
 .eh_frame      0x000000000000d754      0x1e0 kernel/proc.o
                                        0x1f8 (size before relaxing)
 .eh_frame      0x000000000000d934       0x1c kernel/systask.o
                                         0x34 (size before relaxing)
 .eh_frame      0x000000000000d950      0x1f4 kernel/hd.o
                                        0x20c (size before relaxing)
 .eh_frame      0x000000000000db44       0x40 lib/printf.o
                                         0x58 (size before relaxing)
 .eh_frame      0x000000000000db84       0x68 lib/vsprintf.o
                                         0x80 (size before relaxing)
 .eh_frame      0x000000000000dbec       0x64 lib/klib.o
                                         0x7c (size before relaxing)
 .eh_frame      0x000000000000dc50       0x9c lib/misc.o
                                         0xb4 (size before relaxing)
 .eh_frame      0x000000000000dcec       0x20 lib/open.o
                                         0x38 (size before relaxing)
 .eh_frame      0x000000000000dd0c       0x20 lib/read.o
                                         0x38 (size before relaxing)
 .eh_frame      0x000000000000dd2c       0x20 lib/write.o
                                         0x38 (size before relaxing)
 .eh_frame      0x000000000000dd4c       0x20 lib/close.o
                                         0x38 (size before relaxing)
 .eh_frame      0x000000000000dd6c       0x20 lib/unlink.o
                                         0x38 (size before relaxing)
 .eh_frame      0x000000000000dd8c       0x20 lib/getpid.o
                                         0x38 (size before relaxing)
 .eh_frame      0x000000000000ddac       0x20 lib/syslog.o
                                         0x38 (size before relaxing)
 .eh_frame      0x000000000000ddcc      0x13c fs/main.o
                                        0x154 (size before relaxing)
 .eh_frame      0x000000000000df08      0x130 fs/open.o
                                        0x148 (size before relaxing)
 .eh_frame      0x000000000000e038       0x48 fs/misc.o
                                         0x60 (size before relaxing)
 .eh_frame      0x000000000000e080       0x2c fs/read_write.o
                                         0x44 (size before relaxing)
 .eh_frame      0x000000000000e0ac       0x30 fs/link.o
                                         0x48 (size before relaxing)
 .eh_frame      0x000000000000e0dc       0x84 fs/disklog.o
                                         0x9c (size before relaxing)

.gcc_except_table
 *(.gcc_except_table .gcc_except_table.*)

.exception_ranges
 *(.exception_ranges .exception_ranges*)
                0x000000000000e160                . = (ALIGN (0x1000) - ((0x1000 - .) & 0xfff))
                0x000000000000f160                . = DATA_SEGMENT_ALIGN (0x1000, 0x1000)

.eh_frame
 *(.eh_frame)

.gcc_except_table
 *(.gcc_except_table .gcc_except_table.*)

.exception_ranges
 *(.exception_ranges .exception_ranges*)

.tdata
 *(.tdata .tdata.* .gnu.linkonce.td.*)

.tbss
 *(.tbss .tbss.* .gnu.linkonce.tb.*)
 *(.tcommon)

.preinit_array  0x000000000000f160        0x0
                0x000000000000f160                PROVIDE (__preinit_array_start, .)
 *(.preinit_array)
                0x000000000000f160                PROVIDE (__preinit_array_end, .)

.init_array     0x000000000000f160        0x0
                0x000000000000f160                PROVIDE (__init_array_start, .)
 *(SORT(.init_array.*) SORT(.ctors.*))
 *(.init_array)
 *(EXCLUDE_FILE(*crtend?.o *crtend.o *crtbegin?.o *crtbegin.o) .ctors)
                0x000000000000f160                PROVIDE (__init_array_end, .)

.fini_array     0x000000000000f160        0x0
                0x000000000000f160                PROVIDE (__fini_array_start, .)
 *(SORT(.fini_array.*) SORT(.dtors.*))
 *(.fini_array)
 *(EXCLUDE_FILE(*crtend?.o *crtend.o *crtbegin?.o *crtbegin.o) .dtors)
                0x000000000000f160                PROVIDE (__fini_array_end, .)

.ctors
 *crtbegin.o(.ctors)
 *crtbegin?.o(.ctors)
 *(EXCLUDE_FILE(*crtend?.o *crtend.o) .ctors)
 *(SORT(.ctors.*))
 *(.ctors)

.dtors
 *crtbegin.o(.dtors)
 *crtbegin?.o(.dtors)
 *(EXCLUDE_FILE(*crtend?.o *crtend.o) .dtors)
 *(SORT(.dtors.*))
 *(.dtors)

.jcr
 *(.jcr)

.data.rel.ro
 *(.data.rel.ro.local* .gnu.linkonce.d.rel.ro.local.*)
 *(.data.rel.ro* .gnu.linkonce.d.rel.ro.*)

.dynamic
 *(.dynamic)

.got
 *(.got)
 *(.igot)
                0x000000000000f160                . = DATA_SEGMENT_RELRO_END (., 0xc)

.got.plt        0x000000000000f160        0x0
 *(.got.plt)
 *(.igot.plt)
 .igot.plt      0x0000000000000000        0x0 kernel/kernel.o

.data           0x000000000000f160      0x7a0
 *(.data .data.* .gnu.linkonce.d.*)
 .data          0x000000000000f160        0x2 kernel/kernel.o
 *fill*         0x000000000000f162        0x2 00
 .data          0x000000000000f164        0x0 kernel/start.o
 .data          0x000000000000f164        0x0 kernel/main.o
 .data          0x000000000000f164        0x0 kernel/clock.o
 *fill*         0x000000000000f164       0x1c 00
 .data          0x000000000000f180      0x600 kernel/keyboard.o
                0x000000000000f180                keymap
 .data          0x000000000000f780       0x22 kernel/tty.o
 *fill*         0x000000000000f7a2        0x2 00
 .data          0x000000000000f7a4        0x0 kernel/console.o
 .data          0x000000000000f7a4        0x0 kernel/i8259.o
 *fill*         0x000000000000f7a4       0x1c 00
 .data          0x000000000000f7c0      0x140 kernel/global.o
                0x000000000000f7c0                task_table
                0x000000000000f860                user_proc_table
                0x000000000000f8d8                sys_call_table
                0x000000000000f8e4                dd_map
                0x000000000000f8fc                fsbuf
 .data          0x000000000000f900        0x0 kernel/protect.o
 .data          0x000000000000f900        0x0 kernel/proc.o
 .data          0x000000000000f900        0x0 kernel/systask.o
 .data          0x000000000000f900        0x0 kernel/hd.o
 .data          0x000000000000f900        0x0 lib/printf.o
 .data          0x000000000000f900        0x0 lib/vsprintf.o
 .data          0x000000000000f900        0x0 lib/klib.o
 .data          0x000000000000f900        0x0 lib/misc.o
 .data          0x000000000000f900        0x0 lib/open.o
 .data          0x000000000000f900        0x0 lib/read.o
 .data          0x000000000000f900        0x0 lib/write.o
 .data          0x000000000000f900        0x0 lib/close.o
 .data          0x000000000000f900        0x0 lib/unlink.o
 .data          0x000000000000f900        0x0 lib/getpid.o
 .data          0x000000000000f900        0x0 lib/syslog.o
 .data          0x000000000000f900        0x0 fs/main.o
 .data          0x000000000000f900        0x0 fs/open.o
 .data          0x000000000000f900        0x0 fs/misc.o
 .data          0x000000000000f900        0x0 fs/read_write.o
 .data          0x000000000000f900        0x0 fs/link.o
 .data          0x000000000000f900        0x0 fs/disklog.o

.data1
 *(.data1)
                0x000000000000f900                _edata = .
                0x000000000000f900                PROVIDE (edata, .)
                0x000000000000f900                __bss_start = .

.bss            0x000000000000f900    0x3c65c
 *(.dynbss)
 *(.bss .bss.* .gnu.linkonce.b.*)
 .bss           0x000000000000f900      0x800 kernel/kernel.o
 .bss           0x0000000000010100        0x0 kernel/start.o
 .bss           0x0000000000010100        0x0 kernel/main.o
 .bss           0x0000000000010100        0x0 kernel/clock.o
 .bss           0x0000000000010100       0x58 kernel/keyboard.o
 .bss           0x0000000000010158        0x0 kernel/tty.o
 .bss           0x0000000000010158        0x0 kernel/console.o
 .bss           0x0000000000010158        0x0 kernel/i8259.o
 .bss           0x0000000000010158        0x0 kernel/global.o
 .bss           0x0000000000010158        0x0 kernel/protect.o
 .bss           0x0000000000010158        0x0 kernel/proc.o
 .bss           0x0000000000010158        0x0 kernel/systask.o
 *fill*         0x0000000000010158        0x8 00
 .bss           0x0000000000010160      0x64c kernel/hd.o
 .bss           0x00000000000107ac        0x0 lib/printf.o
 .bss           0x00000000000107ac        0x0 lib/vsprintf.o
 .bss           0x00000000000107ac        0x0 lib/klib.o
 .bss           0x00000000000107ac        0x0 lib/misc.o
 .bss           0x00000000000107ac        0x0 lib/open.o
 .bss           0x00000000000107ac        0x0 lib/read.o
 .bss           0x00000000000107ac        0x0 lib/write.o
 .bss           0x00000000000107ac        0x0 lib/close.o
 .bss           0x00000000000107ac        0x0 lib/unlink.o
 .bss           0x00000000000107ac        0x0 lib/getpid.o
 .bss           0x00000000000107ac        0x0 lib/syslog.o
 .bss           0x00000000000107ac        0x0 fs/main.o
 .bss           0x00000000000107ac        0x0 fs/open.o
 .bss           0x00000000000107ac        0x0 fs/misc.o
 .bss           0x00000000000107ac        0x0 fs/read_write.o
 .bss           0x00000000000107ac        0x0 fs/link.o
 *fill*         0x00000000000107ac       0x14 00
 .bss           0x00000000000107c0      0x208 fs/disklog.o
 *(COMMON)
 *fill*         0x00000000000109c8       0x18 00
 COMMON         0x00000000000109e0    0x3b56c kernel/global.o
                0x00000000000109e0                idt_ptr
                0x0000000000010a00                inode_table
                0x0000000000011500                task_stack
                0x0000000000049500                k_reenter
                0x0000000000049520                gdt
                0x0000000000049920                current_console
                0x0000000000049924                pcaller
                0x0000000000049940                tty_table
                0x000000000004a5c0                tss
                0x000000000004a640                fs_msg
                0x000000000004a680                f_desc_table
                0x000000000004a980                root_inode
                0x000000000004a984                disp_pos
                0x000000000004a988                key_pressed
                0x000000000004a98c                gdt_ptr
                0x000000000004a9a0                idt
                0x000000000004b1a0                super_block
                0x000000000004b380                ticks
                0x000000000004b3a0                console_table
                0x000000000004b3e0                irq_table
                0x000000000004b420                p_proc_ready
                0x000000000004b440                proc_table
 COMMON         0x000000000004bf4c       0x10 kernel/hd.o
                0x000000000004bf4c                PARTITION_ENTRY
                0x000000000004bf5c                . = ALIGN ((. != 0x0)?0x4:0x1)
                0x000000000004bf5c                . = ALIGN (0x4)
                0x000000000004bf5c                . = ALIGN (0x4)
                0x000000000004bf5c                _end = .
                0x000000000004bf5c                PROVIDE (end, .)
                0x000000000004bf5c                . = DATA_SEGMENT_END (.)

.stab
 *(.stab)

.stabstr
 *(.stabstr)

.stab.excl
 *(.stab.excl)

.stab.exclstr
 *(.stab.exclstr)

.stab.index
 *(.stab.index)

.stab.indexstr
 *(.stab.indexstr)

.comment        0x0000000000000000       0x2a
 *(.comment)
 .comment       0x0000000000000000       0x2a kernel/start.o
                                         0x2b (size before relaxing)
 .comment       0x0000000000000000       0x2b kernel/main.o
 .comment       0x0000000000000000       0x2b kernel/clock.o
 .comment       0x0000000000000000       0x2b kernel/keyboard.o
 .comment       0x0000000000000000       0x2b kernel/tty.o
 .comment       0x0000000000000000       0x2b kernel/console.o
 .comment       0x0000000000000000       0x2b kernel/i8259.o
 .comment       0x0000000000000000       0x2b kernel/global.o
 .comment       0x0000000000000000       0x2b kernel/protect.o
 .comment       0x0000000000000000       0x2b kernel/proc.o
 .comment       0x0000000000000000       0x2b kernel/systask.o
 .comment       0x0000000000000000       0x2b kernel/hd.o
 .comment       0x0000000000000000       0x2b lib/printf.o
 .comment       0x0000000000000000       0x2b lib/vsprintf.o
 .comment       0x0000000000000000       0x2b lib/klib.o
 .comment       0x0000000000000000       0x2b lib/misc.o
 .comment       0x0000000000000000       0x2b lib/open.o
 .comment       0x0000000000000000       0x2b lib/read.o
 .comment       0x0000000000000000       0x2b lib/write.o
 .comment       0x0000000000000000       0x2b lib/close.o
 .comment       0x0000000000000000       0x2b lib/unlink.o
 .comment       0x0000000000000000       0x2b lib/getpid.o
 .comment       0x0000000000000000       0x2b lib/syslog.o
 .comment       0x0000000000000000       0x2b fs/main.o
 .comment       0x0000000000000000       0x2b fs/open.o
 .comment       0x0000000000000000       0x2b fs/misc.o
 .comment       0x0000000000000000       0x2b fs/read_write.o
 .comment       0x0000000000000000       0x2b fs/link.o
 .comment       0x0000000000000000       0x2b fs/disklog.o

.debug
 *(.debug)

.line
 *(.line)

.debug_srcinfo
 *(.debug_srcinfo)

.debug_sfnames
 *(.debug_sfnames)

.debug_aranges
 *(.debug_aranges)

.debug_pubnames
 *(.debug_pubnames)

.debug_info
 *(.debug_info .gnu.linkonce.wi.*)

.debug_abbrev
 *(.debug_abbrev)

.debug_line
 *(.debug_line)

.debug_frame
 *(.debug_frame)

.debug_str
 *(.debug_str)

.debug_loc
 *(.debug_loc)

.debug_macinfo
 *(.debug_macinfo)

.debug_weaknames
 *(.debug_weaknames)

.debug_funcnames
 *(.debug_funcnames)

.debug_typenames
 *(.debug_typenames)

.debug_varnames
 *(.debug_varnames)

.debug_pubtypes
 *(.debug_pubtypes)

.debug_ranges
 *(.debug_ranges)

.gnu.attributes
 *(.gnu.attributes)

/DISCARD/
 *(.note.GNU-stack)
 *(.gnu_debuglink)
 *(.gnu.lto_*)
OUTPUT(kernel.bin elf32-i386)
